Name
Aala
Abimbola
Adair
Adar
Addison
Ade
Adel
Adél
Adi
Airut
Aki
Akira
Alemayehu
Alex
Ali
Alix
Almog
Alvi
Amable
Amaiur
Amal
Amane
Amani
Amets
Amit
Amor
Amour
An
Anan
And
Andy
Angel
Anh
Anmol
Anupam
Aoi
Apple
Ara
Aran
Arbor
Arden
Ares
Arián
Arya
Ash
Ashley
Ashton
Ashwini
Asla
Aspen
Aston
Asuka
Ataru
Aubrey
Avery
Aviv
Avril
Ayhan
Ayo
Aytaç
Azar
Bailey
Bar
Barakah
Bassey
Beau
Bellamy
Bentley
Berhane
Bhupinder
Bilge
Billie
Bình
Blair
Blair
Blake
Bo
Bobby
Borna
Bowie
Brogan
Bronte
Brooklyn
Bryce
Buenaventura
Cameron
Carey
Carling
Carmo
Cary
Casey
Cassidy
Cedar
Cedar
Céleste
Cemre
Chadi
Channing
Charley
Charlie
Chase
Châu
Chen
Chiaki
Chidi
Chike
Chris
Claude
Cleo
Cloud
Clove
Cody
Corrie
Corry
Cory
Courtney
Cree
Cruz
Cyril
Cyrille
Dakota
Dale
Dallas
Daniel
Dany
Darby
Darian
Darnel
Dayán
Dayo
Deepal
Delaney
Dell
Denís
Deniz
Deny
Derya
Devan
Devin
Dian
Diya
Dominique
Dor
Doron
Drew
Drew
Duda
Duncan
Duong
Duygu
Dylan
Echo
Édel
Eden
Edén
Eedi
Eelia
Eeri
Efe
Eider
Eike
Eka
Ekei
Eleazar
Elia
Eliécer
Elis
Ellis
Elur
Elvan
Emerson
Emery
Encarl
Ensi
Erin
Eris
Ervi
Esen
Eser
Evangelista
Everest
Evrim
Faby
Farah
Fede
Flann
Flannery
Frankie
Gael
Gal
Gale
García
Gayle
Gerrie
Gerry
Giang
Gili
Giusi
Giusy
Gökçe
Göksel
Govindpal
Gray
Greer
Guadalupe
Günay
Gurdeep
Gurjeet
Gurjot
Gurpreet
Gustl
Gwyn
Gwynn
Gwynne
Hà
Hadar
Hadley
H<U+1EA3>i
Haiden
Haiden
Halsey
Hani
Hardeep
Haris
Harjeet
Harjinder
Harjot
Harley
Harley
Harpreet
Harrison
Harrison
Harshal
Haru
Haruka
Harumi
Haven
Hayden
Hayley
Heile
Helgi
Helle
Henny
Hikari
Hikaru
Hikaru
Hilary
Hilary
Hillary
Himar
Hinata
Hiromi
Hitesh
Hitomi
Holland
Hollis
Hunter
Hyacinthe
Idan
Ife
Ikram
Ilkay
Ilo
Imani
Insaaf
Iraultza
Irian
Iriome
Ismat
Ivica
Ivo
Ivón
Izar
Izumi
Izumi
Jackie
Jacy
Jacy
Jasbinder
Jasjot
Jaspreet
Jaylin
Jayme
Jayme
Jayme
Jean
Jean-Marie
Jentje
Jeri
Jerry
Jeryl
Jeryn
Jesse
Jessi
Jessie
Jett
Jo
Jo
Joar
Jocelyn
Jocelyn
Jodie
Joey
Joey
Johnnie
Jordan
Jos
Juniper
Juri
Jyoti
Kaari
Kabelo
Kaede
Kagiso
Kai
Kai
Kai
Kai
Kaiho
Kajal
Kale
Kanan
Kaoru
Karabo
Karli
Karo
Kary
Kasey
Katsumi
Kazumi
Kei
Kelly
Kendall
Kerry
Keshet
Khánh
Kiara
Kim
Kiran
Kirandeep
Kit
Kohaku
Kree
Kris
Kuldeep
Kuljeet
Kullero
Kulpreet
Kulvinder
Kye
Kyrie
Lahja
Lake
Lane
Laurel
Laurie
Lebogang
Lee
Leigh
Leighton
Lemmi
Lerato
Lesedi
Leslie
Liel
Lin
Linden
Lindy
Linh
Lior
Liron
Loïs
London
Lucky
Lumi
Lumo
Maayan
Mackenzie
Mackenzie
Maddox
Madison
Madox
Magao
Makoto
Malak
Malhar
Mandeep
Manjeet
Manpreet
Maor
Maren
Marie-Pierre
Marijn
Marin
Marti
Martine
Masami
Matan
Matija
Matsumoto
Maxime
Meade
Meade
Mel
Merle
Merrill
Micha
Michi
Mietti
Mika
Mikoto
Minja
Mirai
Miska
Mitja
Mitsuki
Mogau
Monroe
Moran
Morgan
Moss
Mpho
Mrinal
Muisto
Murphy
Nadir
Nagisa
Nakia
Naseem
Nasim
Nassim
Natsuki
Navy
Nazaret
Neftalí
Nehal
Neri
Nesim
Nessim
Nevada
Nhân
Nicky
Niika
Nikan
Niki
Nikki
Nikko
Niko
Nikol
Nilam
Nilla
Nima
Niral
Nishikido
Nollaig
Nonkululeko
Noor
North
Nur
Nyx
Oakley
Obo
Ocean
Odell
Odet
Offiong
Ollie
Oma
Omer
Onyx
Ophir
Or
Ori
Origin
Orion
Orla
Özgür
Palmer
Paris
Parker
Parminder
Parris
Parris
Parveen
Pat
Pat
Paxton
Payton
Peleg
Petja
Peyton
Phoenix
Pii
Placide
Prabhjot
Pranjal
Práxedes
Presley
Puleng
Qamar
Quinn
Rain
Raine
Rajan
Raleigh
Ramos
Randi
Rani
Ranjodh
Rasha
Rayan
Raz
Reagan
Rebel
Reef
Reese
Regan
Rei
Reine
Reita
Remy
Ren
Rene
Rennie
Ricki
Ricky
Ridley
Riki
Riku
Riley
Rin
Río
Ripley
River
Robbie
Robin
Robyn
Romy
Rony
Rorie
Rorie
Rory
Rosario
Roshan
Rotem
Rowan
Rowan
Russi
Rynn
Ryo
Ryo
Ryoo
Ryou
Sahar
Sakai
Salem
Sam
Sana
Sandeep
Sandy
Saša
Sascha
Sasha
Sassa
Satsuki
Sävel
Sawyer
Schuyler
Schuyler
Scottie
Scotty
Scout
Selby
Senna
Shahar
Shai
Shakti
Shams
Shashi
Shawn
Shay
Shea
Shelby
Shelley
Shiloh
Shinobu
Shizuka
Sho
Shoo
Shou
Shubham
Sidney
Sigi
Silver
Simcha
Sinaí
Sirius
Sky
Skye
Skylar
Skyler
Sláine
Slava
Sloan
Snehal
Snow
Soini
Sol
Soma
Sonal
Sonu
Sora
Stacey
Stacy
Stav
Stéphane
Storm
Stormy
Story
Sudesh
Sujal
Sukhdeep
Sukhjinder
Surjeet
Sutton
Tal
Taran
Tatum
Taylor
Teagan
Tegan
Tehi
Terra
Thanh
Tiam
Tiera
Tierney
Toive
Tolu
Tommie
Toprak
Tori
Torrey
Torry
Tory
Trinidad
Tshepiso
Tsubasa
Tsukasa
Tú
Tu<U+1EDD>ng
Turhan
Tutku
Ufuk
Ulli
Umang
Umut
Utada
Utku
Valentine
Vanja
Venni
Ventura
Vieno
Viivi
Viky
Vilka
Viral
Vivian
Wafaa
Wallis
Waverly
West
Willow
Winnie
Winter
Wren
Yael
Yagmur
Yannick
Yara
Yarden
Yarel
Yeray
Yoshi
Yu
Yu
Yücel
Yuki
Yuki
Yüksel
Yutaka
Yuu
Yuuki
Zain
Zia
Zion
Ziv
Zohar
